// Jest Snapshot v1, https://goo.gl/fbAQLP

exports[`components/Button should render a button 1`] = `
<button
  className="search-bar search-bar-medium"
  data-testid="search-button"
  id="search-button"
  onClick={[Function]}
  type="button"
>
  <div
    className="search-bar-icon search-bar-icon-medium"
  >
    <span>
      Ctrl +
    </span>
  </div>
  <div
    className="search-bar-key search-bar-key-medium"
  >
    K
  </div>
</button>
`;
